strlen
2
6
#t
#t
#f
#f
#f
(1 2 3)
3
0
(4 . 2)
42
3
#t
#f
#t
6
115
#f
#t
#f
#t
#t
#f
()
#t
#t
#f
#t
#f
#t
#f
42
-1
#f
#t
0
0.000000
3.141590
nan
strlen
1
0
0
-1
3.141590
2
#t
#f
2.718280
3.141590
#(2.718280 3.141590)
-1
1
-1.000000
1.000000
#t
#t
#t
#t
#t
#f
32
5.859870
4.141590
5.141590
0
-0.423310
2.141590
0.000000
256
8.539721
-42.000000
5.436560
3.141590
#t
#t
42
#t
3.141590
#f
